Copyright 1986-2022 Xilinx, Inc. All Rights Reserved. Copyright 2022-2026 Advanced Micro Devices, Inc. All Rights Reserved.
--------------------------------------------------------------------------------------------------------------------------------------------------
| Tool Version      : Vivado v.2026.1 (win64) Build 6511674 Tue Jun 16 11:02:23 MDT 2026
| Date              : Thu Oct  8 21:29:49 2026
| Host              : DESKTOP-J9E27JR running 64-bit major release  (build 9200)
| Command           : report_timing_summary -file E:/Projects/pla_decoder/build/synthesis/w1_impl0_timing.rpt
| Design            : benchmark_top
| Device            : xcu50-fsvh2104
| Speed File        : -2  PRODUCTION 1.30 05-01-2022
| Design State      : Routed
| Temperature Grade : E
--------------------------------------------------------------------------------------------------------------------------------------------------

Timing Summary Report

------------------------------------------------------------------------------------------------
| Timer Settings
| --------------
------------------------------------------------------------------------------------------------

  Enable Multi Corner Analysis               :  Yes
  Enable Pessimism Removal                   :  Yes
  Pessimism Removal Resolution               :  Nearest Common Node
  Enable Input Delay Default Clock           :  No
  Enable Preset / Clear Arcs                 :  No
  Disable Flight Delays                      :  No
  Ignore I/O Paths                           :  No
  Timing Early Launch at Borrowing Latches   :  No
  Borrow Time for Max Delay Exceptions       :  Yes
  Merge Timing Exceptions                    :  Yes
  Inter-SLR Compensation                     :  Conservative

  Corner  Analyze    Analyze    
  Name    Max Paths  Min Paths  
  ------  ---------  ---------  
  Slow    Yes        Yes        
  Fast    Yes        Yes        


------------------------------------------------------------------------------------------------
| Report Methodology
| ------------------
------------------------------------------------------------------------------------------------

No report available as report_methodology has not been run prior. Run report_methodology on the current design for the summary of methodology violations.



check_timing report

Table of Contents
-----------------
1. checking no_clock (0)
2. checking constant_clock (0)
3. checking pulse_width_clock (0)
4. checking unconstrained_internal_endpoints (0)
5. checking no_input_delay (33)
6. checking no_output_delay (87)
7. checking multiple_clock (0)
8. checking generated_clocks (0)
9. checking loops (0)
10. checking partial_input_delay (0)
11. checking partial_output_delay (0)
12. checking latch_loops (0)

1. checking no_clock (0)
------------------------
 There are 0 register/latch pins with no clock.


2. checking constant_clock (0)
------------------------------
 There are 0 register/latch pins with constant_clock.


3. checking pulse_width_clock (0)
---------------------------------
 There are 0 register/latch pins which need pulse_width check


4. checking unconstrained_internal_endpoints (0)
------------------------------------------------
 There are 0 pins that are not constrained for maximum delay.

 There are 0 pins that are not constrained for maximum delay due to constant clock.


5. checking no_input_delay (33)
-------------------------------
 There are 0 input ports with no input delay specified.

 There are 33 input ports with no input delay but user has a false path constraint. (MEDIUM)


6. checking no_output_delay (87)
--------------------------------
 There are 0 ports with no output delay specified.

 There are 87 ports with no output delay but user has a false path constraint (MEDIUM)

 There are 0 ports with no output delay but with a timing clock defined on it or propagating through it


7. checking multiple_clock (0)
------------------------------
 There are 0 register/latch pins with multiple clocks.


8. checking generated_clocks (0)
--------------------------------
 There are 0 generated clocks that are not connected to a clock source.


9. checking loops (0)
---------------------
 There are 0 combinational loops in the design.


10. checking partial_input_delay (0)
------------------------------------
 There are 0 input ports with partial input delay specified.


11. checking partial_output_delay (0)
-------------------------------------
 There are 0 ports with partial output delay specified.


12. checking latch_loops (0)
----------------------------
 There are 0 combinational latch loops in the design through latch input



------------------------------------------------------------------------------------------------
| Design Timing Summary
| ---------------------
------------------------------------------------------------------------------------------------

    WNS(ns)      TNS(ns)  TNS Failing Endpoints  TNS Total Endpoints      WHS(ns)      THS(ns)  THS Failing Endpoints  THS Total Endpoints     WPWS(ns)     TPWS(ns)  TPWS Failing Endpoints  TPWS Total Endpoints  
    -------      -------  ---------------------  -------------------      -------      -------  ---------------------  -------------------     --------     --------  ----------------------  --------------------  
      7.485        0.000                      0                  139        0.055        0.000                      0                  139        4.725        0.000                       0                   120  


All user specified timing constraints are met.


------------------------------------------------------------------------------------------------
| Clock Summary
| -------------
------------------------------------------------------------------------------------------------

Clock       Waveform(ns)       Period(ns)      Frequency(MHz)
-----       ------------       ----------      --------------
decode_clk  {0.000 5.000}      10.000          100.000         


------------------------------------------------------------------------------------------------
| Intra Clock Table
| -----------------
------------------------------------------------------------------------------------------------

Clock             WNS(ns)      TNS(ns)  TNS Failing Endpoints  TNS Total Endpoints      WHS(ns)      THS(ns)  THS Failing Endpoints  THS Total Endpoints     WPWS(ns)     TPWS(ns)  TPWS Failing Endpoints  TPWS Total Endpoints  
-----             -------      -------  ---------------------  -------------------      -------      -------  ---------------------  -------------------     --------     --------  ----------------------  --------------------  
decode_clk          7.485        0.000                      0                  139        0.055        0.000                      0                  139        4.725        0.000                       0                   120  


------------------------------------------------------------------------------------------------
| Inter Clock Table
| -----------------
------------------------------------------------------------------------------------------------

From Clock    To Clock          WNS(ns)      TNS(ns)  TNS Failing Endpoints  TNS Total Endpoints      WHS(ns)      THS(ns)  THS Failing Endpoints  THS Total Endpoints  
----------    --------          -------      -------  ---------------------  -------------------      -------      -------  ---------------------  -------------------  


------------------------------------------------------------------------------------------------
| Other Path Groups Table
| -----------------------
------------------------------------------------------------------------------------------------

Path Group    From Clock    To Clock          WNS(ns)      TNS(ns)  TNS Failing Endpoints  TNS Total Endpoints      WHS(ns)      THS(ns)  THS Failing Endpoints  THS Total Endpoints  
----------    ----------    --------          -------      -------  ---------------------  -------------------      -------      -------  ---------------------  -------------------  


------------------------------------------------------------------------------------------------
| Timing Details
| --------------
------------------------------------------------------------------------------------------------


---------------------------------------------------------------------------------------------------
From Clock:  decode_clk
  To Clock:  decode_clk

Setup :            0  Failing Endpoints,  Worst Slack        7.485ns,  Total Violation        0.000ns
Hold  :            0  Failing Endpoints,  Worst Slack        0.055ns,  Total Violation        0.000ns
PW    :            0  Failing Endpoints,  Worst Slack        4.725ns,  Total Violation        0.000ns
---------------------------------------------------------------------------------------------------


Max Delay Paths
--------------------------------------------------------------------------------------
Slack (MET) :             7.485ns  (required time - arrival time)
  Source:                 insn_q_reg[12]/C
                            (rising edge-triggered cell FDRE clocked by decode_clk  {rise@0.000ns fall@5.000ns period=10.000ns})
  Destination:            decoded_reg[55]/R
                            (rising edge-triggered cell FDRE clocked by decode_clk  {rise@0.000ns fall@5.000ns period=10.000ns})
  Path Group:             decode_clk
  Path Type:              Setup (Max at Slow Process Corner)
  Requirement:            10.000ns  (decode_clk rise@10.000ns - decode_clk rise@0.000ns)
  Data Path Delay:        2.397ns  (logic 0.479ns (19.982%)  route 1.918ns (80.018%))
  Logic Levels:           4  (LUT2=2 LUT6=2)
  Clock Path Skew:        -0.008ns (DCD - SCD + CPR)
    Destination Clock Delay (DCD):    0.021ns = ( 10.021 - 10.000 ) 
    Source Clock Delay      (SCD):    0.029ns
    Clock Pessimism Removal (CPR):    0.000ns
  Clock Uncertainty:      0.035ns  ((TSJ^2 + TIJ^2)^1/2 + DJ) / 2 + PE
    Total System Jitter     (TSJ):    0.071ns
    Total Input Jitter      (TIJ):    0.000ns
    Discrete Jitter          (DJ):    0.000ns
    Phase Error              (PE):    0.000ns

    Location             Delay type                Incr(ns)  Path(ns)    Netlist Resource(s)
  -------------------------------------------------------------------    -------------------
                         (clock decode_clk rise edge)
                                                      0.000     0.000 r  <hidden>
                                                      0.000     0.000 r  clk
                         net (fo=119, unset)          0.029     0.029    clk
    SLICE_X119Y134       FDRE                                         r  insn_q_reg[12]/C
  -------------------------------------------------------------------    -------------------
    SLICE_X119Y134       FDRE (Prop_EFF_SLICEL_C_Q)
                                                      0.079     0.108 r  insn_q_reg[12]/Q
                         net (fo=57, routed)          0.520     0.628    insn_q[12]
    SLICE_X117Y133       LUT2 (Prop_B6LUT_SLICEL_I0_O)
                                                      0.090     0.718 r  decoded[75]_i_3/O
                         net (fo=15, routed)          0.499     1.217    decoded[75]_i_3_n_0
    SLICE_X119Y135       LUT6 (Prop_G6LUT_SLICEL_I3_O)
                                                      0.035     1.252 f  decoded[86]_i_13/O
                         net (fo=2, routed)           0.103     1.355    decoded[86]_i_13_n_0
    SLICE_X118Y135       LUT2 (Prop_A6LUT_SLICEM_I0_O)
                                                      0.125     1.480 f  decoded[86]_i_6/O
                         net (fo=10, routed)          0.449     1.929    decoded[86]_i_6_n_0
    SLICE_X120Y136       LUT6 (Prop_H6LUT_SLICEL_I0_O)
                                                      0.150     2.079 r  decoded[65]_i_1/O
                         net (fo=6, routed)           0.347     2.426    decoded[65]_i_1_n_0
    SLICE_X121Y133       FDRE                                         r  decoded_reg[55]/R
  -------------------------------------------------------------------    -------------------

                         (clock decode_clk rise edge)
                                                     10.000    10.000 r  <hidden>
                                                      0.000    10.000 r  clk
                         net (fo=119, unset)          0.021    10.021    clk
    SLICE_X121Y133       FDRE                                         r  decoded_reg[55]/C
                         clock pessimism              0.000    10.021    <hidden>
                         clock uncertainty           -0.035     9.986    <hidden>
    SLICE_X121Y133       FDRE (Setup_EFF_SLICEM_C_R)
                                                     -0.074     9.912    decoded_reg[55]
  -------------------------------------------------------------------
                         required time                          9.912    <hidden>
                         arrival time                          -2.426    <hidden>
  -------------------------------------------------------------------
                         slack                                  7.485    <hidden>





Min Delay Paths
--------------------------------------------------------------------------------------
Slack (MET) :             0.055ns  (arrival time - required time)
  Source:                 insn_q_reg[17]/C
                            (rising edge-triggered cell FDRE clocked by decode_clk  {rise@0.000ns fall@5.000ns period=10.000ns})
  Destination:            decoded_reg[51]/D
                            (rising edge-triggered cell FDRE clocked by decode_clk  {rise@0.000ns fall@5.000ns period=10.000ns})
  Path Group:             decode_clk
  Path Type:              Hold (Min at Fast Process Corner)
  Requirement:            0.000ns  (decode_clk rise@0.000ns - decode_clk rise@0.000ns)
  Data Path Delay:        0.108ns  (logic 0.039ns (36.217%)  route 0.069ns (63.783%))
  Logic Levels:           0  
  Clock Path Skew:        0.007ns (DCD - SCD - CPR)
    Destination Clock Delay (DCD):    0.019ns
    Source Clock Delay      (SCD):    0.012ns
    Clock Pessimism Removal (CPR):    -0.000ns

    Location             Delay type                Incr(ns)  Path(ns)    Netlist Resource(s)
  -------------------------------------------------------------------    -------------------
                         (clock decode_clk rise edge)
                                                      0.000     0.000 r  <hidden>
                                                      0.000     0.000 r  clk
                         net (fo=119, unset)          0.012     0.012    clk
    SLICE_X120Y133       FDRE                                         r  insn_q_reg[17]/C
  -------------------------------------------------------------------    -------------------
    SLICE_X120Y133       FDRE (Prop_BFF_SLICEL_C_Q)
                                                      0.039     0.051 r  insn_q_reg[17]/Q
                         net (fo=4, routed)           0.069     0.120    insn_q[17]
    SLICE_X120Y133       FDRE                                         r  decoded_reg[51]/D
  -------------------------------------------------------------------    -------------------

                         (clock decode_clk rise edge)
                                                      0.000     0.000 r  <hidden>
                                                      0.000     0.000 r  clk
                         net (fo=119, unset)          0.019     0.019    clk
    SLICE_X120Y133       FDRE                                         r  decoded_reg[51]/C
                         clock pessimism              0.000     0.019    <hidden>
    SLICE_X120Y133       FDRE (Hold_FFF_SLICEL_C_D)
                                                      0.046     0.065    decoded_reg[51]
  -------------------------------------------------------------------
                         required time                         -0.065    <hidden>
                         arrival time                           0.120    <hidden>
  -------------------------------------------------------------------
                         slack                                  0.055    <hidden>





Pulse Width Checks
--------------------------------------------------------------------------------------
Clock Name:         decode_clk
Waveform(ns):       { 0.000 5.000 }
Period(ns):         10.000
Sources:            { clk }

Check Type        Corner  Lib Pin  Reference Pin  Required(ns)  Actual(ns)  Slack(ns)  Location        Pin
Min Period        n/a     FDRE/C   n/a            0.550         10.000      9.450      SLICE_X118Y132  decoded_reg[0]/C
Low Pulse Width   Slow    FDRE/C   n/a            0.275         5.000       4.725      SLICE_X118Y132  decoded_reg[0]/C
High Pulse Width  Slow    FDRE/C   n/a            0.275         5.000       4.725      SLICE_X118Y132  decoded_reg[0]/C



