Copyright 1986-2022 Xilinx, Inc. All Rights Reserved. Copyright 2022-2026 Advanced Micro Devices, Inc. All Rights Reserved.
--------------------------------------------------------------------------------------------------------------------------------------------------
| Tool Version      : Vivado v.2026.1 (win64) Build 6511674 Tue Jun 16 11:02:23 MDT 2026
| Date              : Thu Oct  8 21:45:42 2026
| Host              : DESKTOP-J9E27JR running 64-bit major release  (build 9200)
| Command           : report_timing_summary -file E:/Projects/pla_decoder/build/synthesis/w2_impl2_timing.rpt
| Design            : benchmark_top
| Device            : xcu50-fsvh2104
| Speed File        : -2  PRODUCTION 1.30 05-01-2022
| Design State      : Routed
| Temperature Grade : E
--------------------------------------------------------------------------------------------------------------------------------------------------

Timing Summary Report

------------------------------------------------------------------------------------------------
| Timer Settings
| --------------
------------------------------------------------------------------------------------------------

  Enable Multi Corner Analysis               :  Yes
  Enable Pessimism Removal                   :  Yes
  Pessimism Removal Resolution               :  Nearest Common Node
  Enable Input Delay Default Clock           :  No
  Enable Preset / Clear Arcs                 :  No
  Disable Flight Delays                      :  No
  Ignore I/O Paths                           :  No
  Timing Early Launch at Borrowing Latches   :  No
  Borrow Time for Max Delay Exceptions       :  Yes
  Merge Timing Exceptions                    :  Yes
  Inter-SLR Compensation                     :  Conservative

  Corner  Analyze    Analyze    
  Name    Max Paths  Min Paths  
  ------  ---------  ---------  
  Slow    Yes        Yes        
  Fast    Yes        Yes        


------------------------------------------------------------------------------------------------
| Report Methodology
| ------------------
------------------------------------------------------------------------------------------------

No report available as report_methodology has not been run prior. Run report_methodology on the current design for the summary of methodology violations.



check_timing report

Table of Contents
-----------------
1. checking no_clock (0)
2. checking constant_clock (0)
3. checking pulse_width_clock (0)
4. checking unconstrained_internal_endpoints (0)
5. checking no_input_delay (66)
6. checking no_output_delay (177)
7. checking multiple_clock (0)
8. checking generated_clocks (0)
9. checking loops (0)
10. checking partial_input_delay (0)
11. checking partial_output_delay (0)
12. checking latch_loops (0)

1. checking no_clock (0)
------------------------
 There are 0 register/latch pins with no clock.


2. checking constant_clock (0)
------------------------------
 There are 0 register/latch pins with constant_clock.


3. checking pulse_width_clock (0)
---------------------------------
 There are 0 register/latch pins which need pulse_width check


4. checking unconstrained_internal_endpoints (0)
------------------------------------------------
 There are 0 pins that are not constrained for maximum delay.

 There are 0 pins that are not constrained for maximum delay due to constant clock.


5. checking no_input_delay (66)
-------------------------------
 There are 0 input ports with no input delay specified.

 There are 66 input ports with no input delay but user has a false path constraint. (MEDIUM)


6. checking no_output_delay (177)
---------------------------------
 There are 0 ports with no output delay specified.

 There are 177 ports with no output delay but user has a false path constraint (MEDIUM)

 There are 0 ports with no output delay but with a timing clock defined on it or propagating through it


7. checking multiple_clock (0)
------------------------------
 There are 0 register/latch pins with multiple clocks.


8. checking generated_clocks (0)
--------------------------------
 There are 0 generated clocks that are not connected to a clock source.


9. checking loops (0)
---------------------
 There are 0 combinational loops in the design.


10. checking partial_input_delay (0)
------------------------------------
 There are 0 input ports with partial input delay specified.


11. checking partial_output_delay (0)
-------------------------------------
 There are 0 ports with partial output delay specified.


12. checking latch_loops (0)
----------------------------
 There are 0 combinational latch loops in the design through latch input



------------------------------------------------------------------------------------------------
| Design Timing Summary
| ---------------------
------------------------------------------------------------------------------------------------

    WNS(ns)      TNS(ns)  TNS Failing Endpoints  TNS Total Endpoints      WHS(ns)      THS(ns)  THS Failing Endpoints  THS Total Endpoints     WPWS(ns)     TPWS(ns)  TPWS Failing Endpoints  TPWS Total Endpoints  
    -------      -------  ---------------------  -------------------      -------      -------  ---------------------  -------------------     --------     --------  ----------------------  --------------------  
      6.746        0.000                      0                  299        0.057        0.000                      0                  299        4.725        0.000                       0                   243  


All user specified timing constraints are met.


------------------------------------------------------------------------------------------------
| Clock Summary
| -------------
------------------------------------------------------------------------------------------------

Clock       Waveform(ns)       Period(ns)      Frequency(MHz)
-----       ------------       ----------      --------------
decode_clk  {0.000 5.000}      10.000          100.000         


------------------------------------------------------------------------------------------------
| Intra Clock Table
| -----------------
------------------------------------------------------------------------------------------------

Clock             WNS(ns)      TNS(ns)  TNS Failing Endpoints  TNS Total Endpoints      WHS(ns)      THS(ns)  THS Failing Endpoints  THS Total Endpoints     WPWS(ns)     TPWS(ns)  TPWS Failing Endpoints  TPWS Total Endpoints  
-----             -------      -------  ---------------------  -------------------      -------      -------  ---------------------  -------------------     --------     --------  ----------------------  --------------------  
decode_clk          6.746        0.000                      0                  299        0.057        0.000                      0                  299        4.725        0.000                       0                   243  


------------------------------------------------------------------------------------------------
| Inter Clock Table
| -----------------
------------------------------------------------------------------------------------------------

From Clock    To Clock          WNS(ns)      TNS(ns)  TNS Failing Endpoints  TNS Total Endpoints      WHS(ns)      THS(ns)  THS Failing Endpoints  THS Total Endpoints  
----------    --------          -------      -------  ---------------------  -------------------      -------      -------  ---------------------  -------------------  


------------------------------------------------------------------------------------------------
| Other Path Groups Table
| -----------------------
------------------------------------------------------------------------------------------------

Path Group    From Clock    To Clock          WNS(ns)      TNS(ns)  TNS Failing Endpoints  TNS Total Endpoints      WHS(ns)      THS(ns)  THS Failing Endpoints  THS Total Endpoints  
----------    ----------    --------          -------      -------  ---------------------  -------------------      -------      -------  ---------------------  -------------------  


------------------------------------------------------------------------------------------------
| Timing Details
| --------------
------------------------------------------------------------------------------------------------


---------------------------------------------------------------------------------------------------
From Clock:  decode_clk
  To Clock:  decode_clk

Setup :            0  Failing Endpoints,  Worst Slack        6.746ns,  Total Violation        0.000ns
Hold  :            0  Failing Endpoints,  Worst Slack        0.057ns,  Total Violation        0.000ns
PW    :            0  Failing Endpoints,  Worst Slack        4.725ns,  Total Violation        0.000ns
---------------------------------------------------------------------------------------------------


Max Delay Paths
--------------------------------------------------------------------------------------
Slack (MET) :             6.746ns  (required time - arrival time)
  Source:                 insn_q_reg[35]/C
                            (rising edge-triggered cell FDRE clocked by decode_clk  {rise@0.000ns fall@5.000ns period=10.000ns})
  Destination:            decoded_reg[173]/D
                            (rising edge-triggered cell FDRE clocked by decode_clk  {rise@0.000ns fall@5.000ns period=10.000ns})
  Path Group:             decode_clk
  Path Type:              Setup (Max at Slow Process Corner)
  Requirement:            10.000ns  (decode_clk rise@10.000ns - decode_clk rise@0.000ns)
  Data Path Delay:        3.235ns  (logic 0.656ns (20.278%)  route 2.579ns (79.722%))
  Logic Levels:           6  (LUT3=1 LUT5=1 LUT6=4)
  Clock Path Skew:        -0.009ns (DCD - SCD + CPR)
    Destination Clock Delay (DCD):    0.020ns = ( 10.020 - 10.000 ) 
    Source Clock Delay      (SCD):    0.029ns
    Clock Pessimism Removal (CPR):    0.000ns
  Clock Uncertainty:      0.035ns  ((TSJ^2 + TIJ^2)^1/2 + DJ) / 2 + PE
    Total System Jitter     (TSJ):    0.071ns
    Total Input Jitter      (TIJ):    0.000ns
    Discrete Jitter          (DJ):    0.000ns
    Phase Error              (PE):    0.000ns

    Location             Delay type                Incr(ns)  Path(ns)    Netlist Resource(s)
  -------------------------------------------------------------------    -------------------
                         (clock decode_clk rise edge)
                                                      0.000     0.000 r  <hidden>
                                                      0.000     0.000 r  clk
                         net (fo=242, unset)          0.029     0.029    clk
    SLICE_X92Y148        FDRE                                         r  insn_q_reg[35]/C
  -------------------------------------------------------------------    -------------------
    SLICE_X92Y148        FDRE (Prop_EFF_SLICEL_C_Q)
                                                      0.079     0.108 f  insn_q_reg[35]/Q
                         net (fo=40, routed)          0.599     0.707    insn_q[35]
    SLICE_X90Y150        LUT5 (Prop_C5LUT_SLICEL_I3_O)
                                                      0.098     0.805 r  decoded[153]_i_2/O
                         net (fo=10, routed)          0.332     1.137    decoded[153]_i_2_n_0
    SLICE_X93Y149        LUT6 (Prop_H6LUT_SLICEL_I1_O)
                                                      0.036     1.173 r  decoded[171]_i_17/O
                         net (fo=2, routed)           0.352     1.525    u/lane[1].shared.u/product_19__1
    SLICE_X92Y152        LUT6 (Prop_F6LUT_SLICEL_I0_O)
                                                      0.148     1.673 r  decoded[171]_i_6/O
                         net (fo=4, routed)           0.134     1.807    decoded[171]_i_6_n_0
    SLICE_X93Y152        LUT6 (Prop_G6LUT_SLICEL_I5_O)
                                                      0.035     1.842 f  decoded[171]_i_1/O
                         net (fo=68, routed)          0.500     2.342    decoded[171]_i_1_n_0
    SLICE_X91Y150        LUT6 (Prop_B6LUT_SLICEM_I5_O)
                                                      0.125     2.467 r  decoded[173]_i_3/O
                         net (fo=2, routed)           0.393     2.861    decoded[173]_i_3_n_0
    SLICE_X93Y156        LUT3 (Prop_G5LUT_SLICEL_I2_O)
                                                      0.135     2.996 r  decoded[173]_i_1/O
                         net (fo=1, routed)           0.268     3.264    next_decoded[173]
    SLICE_X93Y156        FDRE                                         r  decoded_reg[173]/D
  -------------------------------------------------------------------    -------------------

                         (clock decode_clk rise edge)
                                                     10.000    10.000 r  <hidden>
                                                      0.000    10.000 r  clk
                         net (fo=242, unset)          0.020    10.020    clk
    SLICE_X93Y156        FDRE                                         r  decoded_reg[173]/C
                         clock pessimism              0.000    10.020    <hidden>
                         clock uncertainty           -0.035     9.985    <hidden>
    SLICE_X93Y156        FDRE (Setup_AFF2_SLICEL_C_D)
                                                      0.025    10.010    decoded_reg[173]
  -------------------------------------------------------------------
                         required time                         10.010    <hidden>
                         arrival time                          -3.264    <hidden>
  -------------------------------------------------------------------
                         slack                                  6.746    <hidden>





Min Delay Paths
--------------------------------------------------------------------------------------
Slack (MET) :             0.057ns  (arrival time - required time)
  Source:                 insn_q_reg[21]/C
                            (rising edge-triggered cell FDRE clocked by decode_clk  {rise@0.000ns fall@5.000ns period=10.000ns})
  Destination:            decoded_reg[45]/D
                            (rising edge-triggered cell FDRE clocked by decode_clk  {rise@0.000ns fall@5.000ns period=10.000ns})
  Path Group:             decode_clk
  Path Type:              Hold (Min at Fast Process Corner)
  Requirement:            0.000ns  (decode_clk rise@0.000ns - decode_clk rise@0.000ns)
  Data Path Delay:        0.110ns  (logic 0.039ns (35.522%)  route 0.071ns (64.478%))
  Logic Levels:           0  
  Clock Path Skew:        0.006ns (DCD - SCD - CPR)
    Destination Clock Delay (DCD):    0.018ns
    Source Clock Delay      (SCD):    0.012ns
    Clock Pessimism Removal (CPR):    -0.000ns

    Location             Delay type                Incr(ns)  Path(ns)    Netlist Resource(s)
  -------------------------------------------------------------------    -------------------
                         (clock decode_clk rise edge)
                                                      0.000     0.000 r  <hidden>
                                                      0.000     0.000 r  clk
                         net (fo=242, unset)          0.012     0.012    clk
    SLICE_X90Y165        FDRE                                         r  insn_q_reg[21]/C
  -------------------------------------------------------------------    -------------------
    SLICE_X90Y165        FDRE (Prop_AFF_SLICEL_C_Q)
                                                      0.039     0.051 r  insn_q_reg[21]/Q
                         net (fo=7, routed)           0.071     0.122    insn_q[21]
    SLICE_X90Y167        FDRE                                         r  decoded_reg[45]/D
  -------------------------------------------------------------------    -------------------

                         (clock decode_clk rise edge)
                                                      0.000     0.000 r  <hidden>
                                                      0.000     0.000 r  clk
                         net (fo=242, unset)          0.018     0.018    clk
    SLICE_X90Y167        FDRE                                         r  decoded_reg[45]/C
                         clock pessimism              0.000     0.018    <hidden>
    SLICE_X90Y167        FDRE (Hold_AFF2_SLICEL_C_D)
                                                      0.047     0.065    decoded_reg[45]
  -------------------------------------------------------------------
                         required time                         -0.065    <hidden>
                         arrival time                           0.122    <hidden>
  -------------------------------------------------------------------
                         slack                                  0.057    <hidden>





Pulse Width Checks
--------------------------------------------------------------------------------------
Clock Name:         decode_clk
Waveform(ns):       { 0.000 5.000 }
Period(ns):         10.000
Sources:            { clk }

Check Type        Corner  Lib Pin  Reference Pin  Required(ns)  Actual(ns)  Slack(ns)  Location       Pin
Min Period        n/a     FDRE/C   n/a            0.550         10.000      9.450      SLICE_X90Y167  decoded_reg[0]/C
Low Pulse Width   Slow    FDRE/C   n/a            0.275         5.000       4.725      SLICE_X90Y167  decoded_reg[0]/C
High Pulse Width  Slow    FDRE/C   n/a            0.275         5.000       4.725      SLICE_X90Y167  decoded_reg[0]/C



