Copyright 1986-2022 Xilinx, Inc. All Rights Reserved. Copyright 2022-2026 Advanced Micro Devices, Inc. All Rights Reserved.
--------------------------------------------------------------------------------------------------------------------------------------------------
| Tool Version      : Vivado v.2026.1 (win64) Build 6511674 Tue Jun 16 11:02:23 MDT 2026
| Date              : Thu Oct  8 21:55:45 2026
| Host              : DESKTOP-J9E27JR running 64-bit major release  (build 9200)
| Command           : report_timing_summary -file E:/Projects/pla_decoder/build/synthesis/w4_impl2_timing.rpt
| Design            : benchmark_top
| Device            : xcu50-fsvh2104
| Speed File        : -2  PRODUCTION 1.30 05-01-2022
| Design State      : Routed
| Temperature Grade : E
--------------------------------------------------------------------------------------------------------------------------------------------------

Timing Summary Report

------------------------------------------------------------------------------------------------
| Timer Settings
| --------------
------------------------------------------------------------------------------------------------

  Enable Multi Corner Analysis               :  Yes
  Enable Pessimism Removal                   :  Yes
  Pessimism Removal Resolution               :  Nearest Common Node
  Enable Input Delay Default Clock           :  No
  Enable Preset / Clear Arcs                 :  No
  Disable Flight Delays                      :  No
  Ignore I/O Paths                           :  No
  Timing Early Launch at Borrowing Latches   :  No
  Borrow Time for Max Delay Exceptions       :  Yes
  Merge Timing Exceptions                    :  Yes
  Inter-SLR Compensation                     :  Conservative

  Corner  Analyze    Analyze    
  Name    Max Paths  Min Paths  
  ------  ---------  ---------  
  Slow    Yes        Yes        
  Fast    Yes        Yes        


------------------------------------------------------------------------------------------------
| Report Methodology
| ------------------
------------------------------------------------------------------------------------------------

No report available as report_methodology has not been run prior. Run report_methodology on the current design for the summary of methodology violations.



check_timing report

Table of Contents
-----------------
1. checking no_clock (0)
2. checking constant_clock (0)
3. checking pulse_width_clock (0)
4. checking unconstrained_internal_endpoints (0)
5. checking no_input_delay (132)
6. checking no_output_delay (366)
7. checking multiple_clock (0)
8. checking generated_clocks (0)
9. checking loops (0)
10. checking partial_input_delay (0)
11. checking partial_output_delay (0)
12. checking latch_loops (0)

1. checking no_clock (0)
------------------------
 There are 0 register/latch pins with no clock.


2. checking constant_clock (0)
------------------------------
 There are 0 register/latch pins with constant_clock.


3. checking pulse_width_clock (0)
---------------------------------
 There are 0 register/latch pins which need pulse_width check


4. checking unconstrained_internal_endpoints (0)
------------------------------------------------
 There are 0 pins that are not constrained for maximum delay.

 There are 0 pins that are not constrained for maximum delay due to constant clock.


5. checking no_input_delay (132)
--------------------------------
 There are 0 input ports with no input delay specified.

 There are 132 input ports with no input delay but user has a false path constraint. (MEDIUM)


6. checking no_output_delay (366)
---------------------------------
 There are 0 ports with no output delay specified.

 There are 366 ports with no output delay but user has a false path constraint (MEDIUM)

 There are 0 ports with no output delay but with a timing clock defined on it or propagating through it


7. checking multiple_clock (0)
------------------------------
 There are 0 register/latch pins with multiple clocks.


8. checking generated_clocks (0)
--------------------------------
 There are 0 generated clocks that are not connected to a clock source.


9. checking loops (0)
---------------------
 There are 0 combinational loops in the design.


10. checking partial_input_delay (0)
------------------------------------
 There are 0 input ports with partial input delay specified.


11. checking partial_output_delay (0)
-------------------------------------
 There are 0 ports with partial output delay specified.


12. checking latch_loops (0)
----------------------------
 There are 0 combinational latch loops in the design through latch input



------------------------------------------------------------------------------------------------
| Design Timing Summary
| ---------------------
------------------------------------------------------------------------------------------------

    WNS(ns)      TNS(ns)  TNS Failing Endpoints  TNS Total Endpoints      WHS(ns)      THS(ns)  THS Failing Endpoints  THS Total Endpoints     WPWS(ns)     TPWS(ns)  TPWS Failing Endpoints  TPWS Total Endpoints  
    -------      -------  ---------------------  -------------------      -------      -------  ---------------------  -------------------     --------     --------  ----------------------  --------------------  
      6.569        0.000                      0                  663        0.048        0.000                      0                  663        4.725        0.000                       0                   498  


All user specified timing constraints are met.


------------------------------------------------------------------------------------------------
| Clock Summary
| -------------
------------------------------------------------------------------------------------------------

Clock       Waveform(ns)       Period(ns)      Frequency(MHz)
-----       ------------       ----------      --------------
decode_clk  {0.000 5.000}      10.000          100.000         


------------------------------------------------------------------------------------------------
| Intra Clock Table
| -----------------
------------------------------------------------------------------------------------------------

Clock             WNS(ns)      TNS(ns)  TNS Failing Endpoints  TNS Total Endpoints      WHS(ns)      THS(ns)  THS Failing Endpoints  THS Total Endpoints     WPWS(ns)     TPWS(ns)  TPWS Failing Endpoints  TPWS Total Endpoints  
-----             -------      -------  ---------------------  -------------------      -------      -------  ---------------------  -------------------     --------     --------  ----------------------  --------------------  
decode_clk          6.569        0.000                      0                  663        0.048        0.000                      0                  663        4.725        0.000                       0                   498  


------------------------------------------------------------------------------------------------
| Inter Clock Table
| -----------------
------------------------------------------------------------------------------------------------

From Clock    To Clock          WNS(ns)      TNS(ns)  TNS Failing Endpoints  TNS Total Endpoints      WHS(ns)      THS(ns)  THS Failing Endpoints  THS Total Endpoints  
----------    --------          -------      -------  ---------------------  -------------------      -------      -------  ---------------------  -------------------  


------------------------------------------------------------------------------------------------
| Other Path Groups Table
| -----------------------
------------------------------------------------------------------------------------------------

Path Group    From Clock    To Clock          WNS(ns)      TNS(ns)  TNS Failing Endpoints  TNS Total Endpoints      WHS(ns)      THS(ns)  THS Failing Endpoints  THS Total Endpoints  
----------    ----------    --------          -------      -------  ---------------------  -------------------      -------      -------  ---------------------  -------------------  


------------------------------------------------------------------------------------------------
| Timing Details
| --------------
------------------------------------------------------------------------------------------------


---------------------------------------------------------------------------------------------------
From Clock:  decode_clk
  To Clock:  decode_clk

Setup :            0  Failing Endpoints,  Worst Slack        6.569ns,  Total Violation        0.000ns
Hold  :            0  Failing Endpoints,  Worst Slack        0.048ns,  Total Violation        0.000ns
PW    :            0  Failing Endpoints,  Worst Slack        4.725ns,  Total Violation        0.000ns
---------------------------------------------------------------------------------------------------


Max Delay Paths
--------------------------------------------------------------------------------------
Slack (MET) :             6.569ns  (required time - arrival time)
  Source:                 insn_q_reg[109]/C
                            (rising edge-triggered cell FDRE clocked by decode_clk  {rise@0.000ns fall@5.000ns period=10.000ns})
  Destination:            raw_rs1_reg[12]/D
                            (rising edge-triggered cell FDRE clocked by decode_clk  {rise@0.000ns fall@5.000ns period=10.000ns})
  Path Group:             decode_clk
  Path Type:              Setup (Max at Slow Process Corner)
  Requirement:            10.000ns  (decode_clk rise@10.000ns - decode_clk rise@0.000ns)
  Data Path Delay:        3.413ns  (logic 0.736ns (21.566%)  route 2.677ns (78.434%))
  Logic Levels:           6  (LUT3=2 LUT5=1 LUT6=3)
  Clock Path Skew:        -0.008ns (DCD - SCD + CPR)
    Destination Clock Delay (DCD):    0.021ns = ( 10.021 - 10.000 ) 
    Source Clock Delay      (SCD):    0.029ns
    Clock Pessimism Removal (CPR):    0.000ns
  Clock Uncertainty:      0.035ns  ((TSJ^2 + TIJ^2)^1/2 + DJ) / 2 + PE
    Total System Jitter     (TSJ):    0.071ns
    Total Input Jitter      (TIJ):    0.000ns
    Discrete Jitter          (DJ):    0.000ns
    Phase Error              (PE):    0.000ns

    Location             Delay type                Incr(ns)  Path(ns)    Netlist Resource(s)
  -------------------------------------------------------------------    -------------------
                         (clock decode_clk rise edge)
                                                      0.000     0.000 r  <hidden>
                                                      0.000     0.000 r  clk
                         net (fo=497, unset)          0.029     0.029    clk
    SLICE_X153Y370       FDRE                                         r  insn_q_reg[109]/C
  -------------------------------------------------------------------    -------------------
    SLICE_X153Y370       FDRE (Prop_FFF_SLICEL_C_Q)
                                                      0.079     0.108 r  insn_q_reg[109]/Q
                         net (fo=50, routed)          0.296     0.404    insn_q[109]
    SLICE_X154Y374       LUT3 (Prop_D6LUT_SLICEM_I2_O)
                                                      0.122     0.526 f  decoded[345]_i_3/O
                         net (fo=5, routed)           0.446     0.973    decoded[345]_i_3_n_0
    SLICE_X155Y382       LUT6 (Prop_H6LUT_SLICEL_I2_O)
                                                      0.124     1.097 f  decoded[353]_i_5/O
                         net (fo=7, routed)           0.493     1.590    decoded[353]_i_5_n_0
    SLICE_X154Y373       LUT5 (Prop_E6LUT_SLICEM_I3_O)
                                                      0.124     1.714 f  decoded[332]_i_3/O
                         net (fo=3, routed)           0.412     2.126    decoded[332]_i_3_n_0
    SLICE_X155Y373       LUT6 (Prop_G6LUT_SLICEL_I0_O)
                                                      0.089     2.215 r  decoded[320]_i_2/O
                         net (fo=15, routed)          0.586     2.801    decoded[320]_i_1_n_0
    SLICE_X158Y386       LUT3 (Prop_D6LUT_SLICEL_I2_O)
                                                      0.099     2.900 r  raw_rs1[12]_i_4/O
                         net (fo=1, routed)           0.371     3.271    raw_rs1[12]_i_4_n_0
    SLICE_X156Y383       LUT6 (Prop_D6LUT_SLICEM_I4_O)
                                                      0.099     3.370 r  raw_rs1[12]_i_1/O
                         net (fo=1, routed)           0.072     3.442    next_rs1[12]
    SLICE_X156Y383       FDRE                                         r  raw_rs1_reg[12]/D
  -------------------------------------------------------------------    -------------------

                         (clock decode_clk rise edge)
                                                     10.000    10.000 r  <hidden>
                                                      0.000    10.000 r  clk
                         net (fo=497, unset)          0.021    10.021    clk
    SLICE_X156Y383       FDRE                                         r  raw_rs1_reg[12]/C
                         clock pessimism              0.000    10.021    <hidden>
                         clock uncertainty           -0.035     9.986    <hidden>
    SLICE_X156Y383       FDRE (Setup_DFF_SLICEM_C_D)
                                                      0.025    10.011    raw_rs1_reg[12]
  -------------------------------------------------------------------
                         required time                         10.011    <hidden>
                         arrival time                          -3.442    <hidden>
  -------------------------------------------------------------------
                         slack                                  6.569    <hidden>





Min Delay Paths
--------------------------------------------------------------------------------------
Slack (MET) :             0.048ns  (arrival time - required time)
  Source:                 insn_q_reg[60]/C
                            (rising edge-triggered cell FDRE clocked by decode_clk  {rise@0.000ns fall@5.000ns period=10.000ns})
  Destination:            decoded_reg[97]/D
                            (rising edge-triggered cell FDRE clocked by decode_clk  {rise@0.000ns fall@5.000ns period=10.000ns})
  Path Group:             decode_clk
  Path Type:              Hold (Min at Fast Process Corner)
  Requirement:            0.000ns  (decode_clk rise@0.000ns - decode_clk rise@0.000ns)
  Data Path Delay:        0.100ns  (logic 0.040ns (39.994%)  route 0.060ns (60.006%))
  Logic Levels:           0  
  Clock Path Skew:        0.005ns (DCD - SCD - CPR)
    Destination Clock Delay (DCD):    0.018ns
    Source Clock Delay      (SCD):    0.013ns
    Clock Pessimism Removal (CPR):    -0.000ns

    Location             Delay type                Incr(ns)  Path(ns)    Netlist Resource(s)
  -------------------------------------------------------------------    -------------------
                         (clock decode_clk rise edge)
                                                      0.000     0.000 r  <hidden>
                                                      0.000     0.000 r  clk
                         net (fo=497, unset)          0.013     0.013    clk
    SLICE_X159Y381       FDRE                                         r  insn_q_reg[60]/C
  -------------------------------------------------------------------    -------------------
    SLICE_X159Y381       FDRE (Prop_FFF2_SLICEL_C_Q)
                                                      0.040     0.053 r  insn_q_reg[60]/Q
                         net (fo=4, routed)           0.060     0.113    insn_q[60]
    SLICE_X159Y382       FDRE                                         r  decoded_reg[97]/D
  -------------------------------------------------------------------    -------------------

                         (clock decode_clk rise edge)
                                                      0.000     0.000 r  <hidden>
                                                      0.000     0.000 r  clk
                         net (fo=497, unset)          0.018     0.018    clk
    SLICE_X159Y382       FDRE                                         r  decoded_reg[97]/C
                         clock pessimism              0.000     0.018    <hidden>
    SLICE_X159Y382       FDRE (Hold_AFF2_SLICEL_C_D)
                                                      0.047     0.065    decoded_reg[97]
  -------------------------------------------------------------------
                         required time                         -0.065    <hidden>
                         arrival time                           0.113    <hidden>
  -------------------------------------------------------------------
                         slack                                  0.048    <hidden>





Pulse Width Checks
--------------------------------------------------------------------------------------
Clock Name:         decode_clk
Waveform(ns):       { 0.000 5.000 }
Period(ns):         10.000
Sources:            { clk }

Check Type        Corner  Lib Pin  Reference Pin  Required(ns)  Actual(ns)  Slack(ns)  Location        Pin
Min Period        n/a     FDRE/C   n/a            0.550         10.000      9.450      SLICE_X153Y395  decoded_reg[0]/C
Low Pulse Width   Slow    FDRE/C   n/a            0.275         5.000       4.725      SLICE_X153Y395  decoded_reg[0]/C
High Pulse Width  Slow    FDRE/C   n/a            0.275         5.000       4.725      SLICE_X153Y395  decoded_reg[0]/C



